[2025-09-10 00:25:11] local.INFO: HIT update PROF {"id":"69"} 
[2025-09-10 00:25:30] local.ERROR: syntax error, unexpected ',' {"exception":"[object] (ParseError(code: 0): syntax error, unexpected ',' at C:\\wamp64\\www\\cargaHorariav2\\app\\Http\\Controllers\\Horarios\\HorarioProfesorController.php:565)
[stacktrace]
#0 C:\\wamp64\\www\\cargaHorariav2\\vendor\\composer\\ClassLoader.php(427): Composer\\Autoload\\{closure}('C:\\\\wamp64\\\\www\\\\c...')
#1 [internal function]: Composer\\Autoload\\ClassLoader->loadClass('App\\\\Http\\\\Contro...')
#2 [internal function]: spl_autoload_call('App\\\\Http\\\\Contro...')
#3 C:\\wamp64\\www\\cargaHorariav2\\vendor\\laravel\\framework\\src\\Illuminate\\Container\\Container.php(877): ReflectionClass->__construct('App\\\\Http\\\\Contro...')
#4 C:\\wamp64\\www\\cargaHorariav2\\vendor\\laravel\\framework\\src\\Illuminate\\Container\\Container.php(758): Illuminate\\Container\\Container->build('App\\\\Http\\\\Contro...')
#5 C:\\wamp64\\www\\cargaHorariav2\\vendor\\laravel\\framework\\src\\Illuminate\\Foundation\\Application.php(853): Illuminate\\Container\\Container->resolve('App\\\\Http\\\\Contro...', Array, true)
#6 C:\\wamp64\\www\\cargaHorariav2\\vendor\\laravel\\framework\\src\\Illuminate\\Container\\Container.php(694): Illuminate\\Foundation\\Application->resolve('App\\\\Http\\\\Contro...', Array)
#7 C:\\wamp64\\www\\cargaHorariav2\\vendor\\laravel\\framework\\src\\Illuminate\\Foundation\\Application.php(838): Illuminate\\Container\\Container->make('App\\\\Http\\\\Contro...', Array)
#8 C:\\wamp64\\www\\cargaHorariav2\\vendor\\laravel\\framework\\src\\Illuminate\\Routing\\Route.php(276): Illuminate\\Foundation\\Application->make('App\\\\Http\\\\Contro...')
#9 C:\\wamp64\\www\\cargaHorariav2\\vendor\\laravel\\framework\\src\\Illuminate\\Routing\\Route.php(1080): Illuminate\\Routing\\Route->getController()
#10 C:\\wamp64\\www\\cargaHorariav2\\vendor\\laravel\\framework\\src\\Illuminate\\Routing\\Route.php(1023): Illuminate\\Routing\\Route->controllerMiddleware()
#11 C:\\wamp64\\www\\cargaHorariav2\\vendor\\laravel\\framework\\src\\Illuminate\\Routing\\Router.php(734): Illuminate\\Routing\\Route->gatherMiddleware()
#12 C:\\wamp64\\www\\cargaHorariav2\\vendor\\laravel\\framework\\src\\Illuminate\\Foundation\\Console\\RouteListCommand.php(175): Illuminate\\Routing\\Router->gatherRouteMiddleware(Object(Illuminate\\Routing\\Route))
#13 C:\\wamp64\\www\\cargaHorariav2\\vendor\\laravel\\framework\\src\\Illuminate\\Foundation\\Console\\RouteListCommand.php(119): Illuminate\\Foundation\\Console\\RouteListCommand->getMiddleware(Object(Illuminate\\Routing\\Route))
#14 C:\\wamp64\\www\\cargaHorariav2\\vendor\\laravel\\framework\\src\\Illuminate\\Foundation\\Console\\RouteListCommand.php(91): Illuminate\\Foundation\\Console\\RouteListCommand->getRouteInformation(Object(Illuminate\\Routing\\Route))
#15 [internal function]: Illuminate\\Foundation\\Console\\RouteListCommand->Illuminate\\Foundation\\Console\\{closure}(Object(Illuminate\\Routing\\Route), 95)
#16 C:\\wamp64\\www\\cargaHorariav2\\vendor\\laravel\\framework\\src\\Illuminate\\Collections\\Collection.php(695): array_map(Object(Closure), Array, Array)
#17 C:\\wamp64\\www\\cargaHorariav2\\vendor\\laravel\\framework\\src\\Illuminate\\Foundation\\Console\\RouteListCommand.php(92): Illuminate\\Support\\Collection->map(Object(Closure))
#18 C:\\wamp64\\www\\cargaHorariav2\\vendor\\laravel\\framework\\src\\Illuminate\\Foundation\\Console\\RouteListCommand.php(76): Illuminate\\Foundation\\Console\\RouteListCommand->getRoutes()
#19 C:\\wamp64\\www\\cargaHorariav2\\vendor\\laravel\\framework\\src\\Illuminate\\Container\\BoundMethod.php(36): Illuminate\\Foundation\\Console\\RouteListCommand->handle()
#20 C:\\wamp64\\www\\cargaHorariav2\\vendor\\laravel\\framework\\src\\Illuminate\\Container\\Util.php(40): Illuminate\\Container\\BoundMethod::Illuminate\\Container\\{closure}()
#21 C:\\wamp64\\www\\cargaHorariav2\\vendor\\laravel\\framework\\src\\Illuminate\\Container\\BoundMethod.php(93): Illuminate\\Container\\Util::unwrapIfClosure(Object(Closure))
#22 C:\\wamp64\\www\\cargaHorariav2\\vendor\\laravel\\framework\\src\\Illuminate\\Container\\BoundMethod.php(37): Illuminate\\Container\\BoundMethod::callBoundMethod(Object(Illuminate\\Foundation\\Application), Array, Object(Closure))
#23 C:\\wamp64\\www\\cargaHorariav2\\vendor\\laravel\\framework\\src\\Illuminate\\Container\\Container.php(653): Illuminate\\Container\\BoundMethod::call(Object(Illuminate\\Foundation\\Application), Array, Array, NULL)
#24 C:\\wamp64\\www\\cargaHorariav2\\vendor\\laravel\\framework\\src\\Illuminate\\Console\\Command.php(136): Illuminate\\Container\\Container->call(Array)
#25 C:\\wamp64\\www\\cargaHorariav2\\vendor\\symfony\\console\\Command\\Command.php(298): Illuminate\\Console\\Command->execute(Object(Symfony\\Component\\Console\\Input\\ArgvInput), Object(Illuminate\\Console\\OutputStyle))
#26 C:\\wamp64\\www\\cargaHorariav2\\vendor\\laravel\\framework\\src\\Illuminate\\Console\\Command.php(121): Symfony\\Component\\Console\\Command\\Command->run(Object(Symfony\\Component\\Console\\Input\\ArgvInput), Object(Illuminate\\Console\\OutputStyle))
#27 C:\\wamp64\\www\\cargaHorariav2\\vendor\\symfony\\console\\Application.php(1040): Illuminate\\Console\\Command->run(Object(Symfony\\Component\\Console\\Input\\ArgvInput), Object(Symfony\\Component\\Console\\Output\\ConsoleOutput))
#28 C:\\wamp64\\www\\cargaHorariav2\\vendor\\symfony\\console\\Application.php(301): Symfony\\Component\\Console\\Application->doRunCommand(Object(Illuminate\\Foundation\\Console\\RouteListCommand), Object(Symfony\\Component\\Console\\Input\\ArgvInput), Object(Symfony\\Component\\Console\\Output\\ConsoleOutput))
#29 C:\\wamp64\\www\\cargaHorariav2\\vendor\\symfony\\console\\Application.php(171): Symfony\\Component\\Console\\Application->doRun(Object(Symfony\\Component\\Console\\Input\\ArgvInput), Object(Symfony\\Component\\Console\\Output\\ConsoleOutput))
#30 C:\\wamp64\\www\\cargaHorariav2\\vendor\\laravel\\framework\\src\\Illuminate\\Console\\Application.php(94): Symfony\\Component\\Console\\Application->run(Object(Symfony\\Component\\Console\\Input\\ArgvInput), Object(Symfony\\Component\\Console\\Output\\ConsoleOutput))
#31 C:\\wamp64\\www\\cargaHorariav2\\vendor\\laravel\\framework\\src\\Illuminate\\Foundation\\Console\\Kernel.php(129): Illuminate\\Console\\Application->run(Object(Symfony\\Component\\Console\\Input\\ArgvInput), Object(Symfony\\Component\\Console\\Output\\ConsoleOutput))
#32 C:\\wamp64\\www\\cargaHorariav2\\artisan(37): Illuminate\\Foundation\\Console\\Kernel->handle(Object(Symfony\\Component\\Console\\Input\\ArgvInput), Object(Symfony\\Component\\Console\\Output\\ConsoleOutput))
#33 {main}
"} 
[2025-09-10 00:30:02] local.INFO: HIT update PROF {"id":"69"} 
[2025-09-10 00:30:08] local.INFO: HIT update PROF {"id":"69"} 
[2025-09-19 16:22:06] local.INFO: HIT edit PROF {"id":234,"user_id":1} 
[2025-09-19 16:22:13] local.INFO: HIT update PROF {"id":"234"} 
[2025-09-19 16:22:13] local.ERROR: Error BD al actualizar profesor {"code":"23000","msg":"SQLSTATE[23000]: Integrity constraint violation: 1452 Cannot add or update a child row: a foreign key constraint fails (`cargahoraria`.`teachers`, CONSTRAINT `teachers_ibfk_3` FOREIGN KEY (`area`) REFERENCES `programs` (`area`) ON UPDATE CASCADE) (SQL: update `teachers` set `teacher_name` = MARIA ARACELI, `area` = DMI,QMBT, `fyh_actualizacion` = 2025-09-19 16:22:13 where `teacher_id` = 234)"} 
[2025-09-19 16:22:13] local.INFO: HIT edit PROF {"id":234,"user_id":1} 
[2025-09-19 16:48:22] local.INFO: HIT edit PROF {"id":234,"user_id":1} 
[2025-09-19 16:50:51] local.INFO: HIT update PROF {"id":"234"} 
[2025-09-19 16:50:52] local.ERROR: Error BD al actualizar profesor {"id":"234","code":"23000","msg":"SQLSTATE[23000]: Integrity constraint violation: 1452 Cannot add or update a child row: a foreign key constraint fails (`cargahoraria`.`teachers`, CONSTRAINT `teachers_ibfk_3` FOREIGN KEY (`area`) REFERENCES `programs` (`area`) ON UPDATE CASCADE) (SQL: update `teachers` set `teacher_name` = asdasd, `area` = DMI,QMBT, `fyh_actualizacion` = 2025-09-19 16:50:52 where `teacher_id` = 234)"} 
[2025-09-19 16:50:52] local.INFO: HIT edit PROF {"id":234,"user_id":1} 
[2025-09-19 17:06:46] local.INFO: HIT edit PROF {"id":234,"user_id":1} 
